Archive member included because of file (symbol)

c:/winavr-20100110/bin/../lib/gcc/avr/4.3.3/avr5\libgcc.a(_udivmodqi4.o)
                              ./Sources/2.ECUAL/SSD/Sources/SSD.o (__udivmodqi4)
c:/winavr-20100110/bin/../lib/gcc/avr/4.3.3/avr5\libgcc.a(_udivmodsi4.o)
                              ./Sources/1.MCAL/UART/Sources/UART.o (__udivmodsi4)
c:/winavr-20100110/bin/../lib/gcc/avr/4.3.3/avr5\libgcc.a(_exit.o)
                              c:/winavr-20100110/bin/../lib/gcc/avr/4.3.3/../../../../avr/lib/avr5/crtm32.o (exit)
c:/winavr-20100110/bin/../lib/gcc/avr/4.3.3/avr5\libgcc.a(_copy_data.o)
                              ./Sources/5. Project/Glove_Sender/Sources/glove_sender.o (__do_copy_data)
c:/winavr-20100110/bin/../lib/gcc/avr/4.3.3/avr5\libgcc.a(_fixunssfsi.o)
                              ./Sources/5. Project/Glove_Sender/Sources/glove_sender.o (__fixunssfsi)
c:/winavr-20100110/bin/../lib/gcc/avr/4.3.3/avr5\libgcc.a(_addsub_sf.o)
                              c:/winavr-20100110/bin/../lib/gcc/avr/4.3.3/avr5\libgcc.a(_fixunssfsi.o) (__subsf3)
c:/winavr-20100110/bin/../lib/gcc/avr/4.3.3/avr5\libgcc.a(_mul_sf.o)
                              ./Sources/5. Project/Glove_Sender/Sources/glove_sender.o (__mulsf3)
c:/winavr-20100110/bin/../lib/gcc/avr/4.3.3/avr5\libgcc.a(_div_sf.o)
                              ./Sources/2.ECUAL/SSD/Sources/SSD.o (__divsf3)
c:/winavr-20100110/bin/../lib/gcc/avr/4.3.3/avr5\libgcc.a(_gt_sf.o)
                              ./Sources/5. Project/Glove_Sender/Sources/glove_sender.o (__gtsf2)
c:/winavr-20100110/bin/../lib/gcc/avr/4.3.3/avr5\libgcc.a(_ge_sf.o)
                              c:/winavr-20100110/bin/../lib/gcc/avr/4.3.3/avr5\libgcc.a(_fixunssfsi.o) (__gesf2)
c:/winavr-20100110/bin/../lib/gcc/avr/4.3.3/avr5\libgcc.a(_lt_sf.o)
                              ./Sources/5. Project/Glove_Sender/Sources/glove_sender.o (__ltsf2)
c:/winavr-20100110/bin/../lib/gcc/avr/4.3.3/avr5\libgcc.a(_sf_to_si.o)
                              c:/winavr-20100110/bin/../lib/gcc/avr/4.3.3/avr5\libgcc.a(_fixunssfsi.o) (__fixsfsi)
c:/winavr-20100110/bin/../lib/gcc/avr/4.3.3/avr5\libgcc.a(_thenan_sf.o)
                              c:/winavr-20100110/bin/../lib/gcc/avr/4.3.3/avr5\libgcc.a(_addsub_sf.o) (__thenan_sf)
c:/winavr-20100110/bin/../lib/gcc/avr/4.3.3/avr5\libgcc.a(_usi_to_sf.o)
                              ./Sources/1.MCAL/ADC/ADC.o (__floatunsisf)
c:/winavr-20100110/bin/../lib/gcc/avr/4.3.3/avr5\libgcc.a(_prologue.o)
                              c:/winavr-20100110/bin/../lib/gcc/avr/4.3.3/avr5\libgcc.a(_addsub_sf.o) (__prologue_saves__)
c:/winavr-20100110/bin/../lib/gcc/avr/4.3.3/avr5\libgcc.a(_epilogue.o)
                              c:/winavr-20100110/bin/../lib/gcc/avr/4.3.3/avr5\libgcc.a(_addsub_sf.o) (__epilogue_restores__)
c:/winavr-20100110/bin/../lib/gcc/avr/4.3.3/avr5\libgcc.a(_clzsi2.o)
                              c:/winavr-20100110/bin/../lib/gcc/avr/4.3.3/avr5\libgcc.a(_usi_to_sf.o) (__clzsi2)
c:/winavr-20100110/bin/../lib/gcc/avr/4.3.3/avr5\libgcc.a(_pack_sf.o)
                              c:/winavr-20100110/bin/../lib/gcc/avr/4.3.3/avr5\libgcc.a(_addsub_sf.o) (__pack_f)
c:/winavr-20100110/bin/../lib/gcc/avr/4.3.3/avr5\libgcc.a(_unpack_sf.o)
                              c:/winavr-20100110/bin/../lib/gcc/avr/4.3.3/avr5\libgcc.a(_addsub_sf.o) (__unpack_f)
c:/winavr-20100110/bin/../lib/gcc/avr/4.3.3/avr5\libgcc.a(_fpcmp_parts_sf.o)
                              c:/winavr-20100110/bin/../lib/gcc/avr/4.3.3/avr5\libgcc.a(_gt_sf.o) (__fpcmp_parts_f)
c:/winavr-20100110/bin/../lib/gcc/avr/4.3.3/avr5\libgcc.a(_clz.o)
                              c:/winavr-20100110/bin/../lib/gcc/avr/4.3.3/avr5\libgcc.a(_clzsi2.o) (__clz_tab)
c:/winavr-20100110/bin/../lib/gcc/avr/4.3.3/../../../../avr/lib/avr5\libc.a(sprintf.o)
                              ./Sources/2.ECUAL/LCD/Sources/LCD.o (sprintf)
c:/winavr-20100110/bin/../lib/gcc/avr/4.3.3/../../../../avr/lib/avr5\libc.a(vfprintf_std.o)
                              c:/winavr-20100110/bin/../lib/gcc/avr/4.3.3/../../../../avr/lib/avr5\libc.a(sprintf.o) (vfprintf)
c:/winavr-20100110/bin/../lib/gcc/avr/4.3.3/../../../../avr/lib/avr5\libc.a(strnlen_P.o)
                              c:/winavr-20100110/bin/../lib/gcc/avr/4.3.3/../../../../avr/lib/avr5\libc.a(vfprintf_std.o) (strnlen_P)
c:/winavr-20100110/bin/../lib/gcc/avr/4.3.3/../../../../avr/lib/avr5\libc.a(strnlen.o)
                              c:/winavr-20100110/bin/../lib/gcc/avr/4.3.3/../../../../avr/lib/avr5\libc.a(vfprintf_std.o) (strnlen)
c:/winavr-20100110/bin/../lib/gcc/avr/4.3.3/../../../../avr/lib/avr5\libc.a(fputc.o)
                              c:/winavr-20100110/bin/../lib/gcc/avr/4.3.3/../../../../avr/lib/avr5\libc.a(vfprintf_std.o) (fputc)
c:/winavr-20100110/bin/../lib/gcc/avr/4.3.3/../../../../avr/lib/avr5\libc.a(ultoa_invert.o)
                              c:/winavr-20100110/bin/../lib/gcc/avr/4.3.3/../../../../avr/lib/avr5\libc.a(vfprintf_std.o) (__ultoa_invert)

Memory Configuration

Name             Origin             Length             Attributes
text             0x00000000         0x00020000         xr
data             0x00800060         0x0000ffa0         rw !x
eeprom           0x00810000         0x00010000         rw !x
fuse             0x00820000         0x00000400         rw !x
lock             0x00830000         0x00000400         rw !x
signature        0x00840000         0x00000400         rw !x
*default*        0x00000000         0xffffffff

Linker script and memory map

LOAD c:/winavr-20100110/bin/../lib/gcc/avr/4.3.3/../../../../avr/lib/avr5/crtm32.o
LOAD ./Sources/5. Project/Glove_Sender/Sources/glove_sender.o
LOAD ./Sources/4.Applicaton/main.o
LOAD ./Sources/2.ECUAL/SSD/Sources/SSD.o
LOAD ./Sources/2.ECUAL/LM35/Sources/LM35.o
LOAD ./Sources/2.ECUAL/LED/Sources/LED.o
LOAD ./Sources/2.ECUAL/LCD/Sources/LCD.o
LOAD ./Sources/2.ECUAL/Keypad/Sources/KEYPAD.o
LOAD ./Sources/2.ECUAL/EEPROM24C16C [External]/Sources/EEPROM24C16C.o
LOAD ./Sources/2.ECUAL/EEPROM [MCAL]/Sources/EEPROM.o
LOAD ./Sources/2.ECUAL/DC Motor/Sources/DC_Motor.o
LOAD ./Sources/2.ECUAL/Buzzer/Sources/Buzzer.o
LOAD ./Sources/2.ECUAL/Buttons/Sources/Buttons.o
LOAD ./Sources/1.MCAL/UART/Sources/UART.o
LOAD ./Sources/1.MCAL/Timer0/Sources/Timer0.o
LOAD ./Sources/1.MCAL/I2C/Sources/I2C.o
LOAD ./Sources/1.MCAL/GINT/Sources/GINT.o
LOAD ./Sources/1.MCAL/EXTINT/Sources/EXTINT.o
LOAD ./Sources/1.MCAL/DIO/Sources/DIO.o
LOAD ./Sources/1.MCAL/ADC/ADC.o
LOAD c:/winavr-20100110/bin/../lib/gcc/avr/4.3.3/avr5\libgcc.a
LOAD c:/winavr-20100110/bin/../lib/gcc/avr/4.3.3/../../../../avr/lib/avr5\libc.a
LOAD c:/winavr-20100110/bin/../lib/gcc/avr/4.3.3/avr5\libgcc.a

.hash
 *(.hash)

.dynsym
 *(.dynsym)

.dynstr
 *(.dynstr)

.gnu.version
 *(.gnu.version)

.gnu.version_d
 *(.gnu.version_d)

.gnu.version_r
 *(.gnu.version_r)

.rel.init
 *(.rel.init)

.rela.init
 *(.rela.init)

.rel.text
 *(.rel.text)
 *(.rel.text.*)
 *(.rel.gnu.linkonce.t*)

.rela.text
 *(.rela.text)
 *(.rela.text.*)
 *(.rela.gnu.linkonce.t*)

.rel.fini
 *(.rel.fini)

.rela.fini
 *(.rela.fini)

.rel.rodata
 *(.rel.rodata)
 *(.rel.rodata.*)
 *(.rel.gnu.linkonce.r*)

.rela.rodata
 *(.rela.rodata)
 *(.rela.rodata.*)
 *(.rela.gnu.linkonce.r*)

.rel.data
 *(.rel.data)
 *(.rel.data.*)
 *(.rel.gnu.linkonce.d*)

.rela.data
 *(.rela.data)
 *(.rela.data.*)
 *(.rela.gnu.linkonce.d*)

.rel.ctors
 *(.rel.ctors)

.rela.ctors
 *(.rela.ctors)

.rel.dtors
 *(.rel.dtors)

.rela.dtors
 *(.rela.dtors)

.rel.got
 *(.rel.got)

.rela.got
 *(.rela.got)

.rel.bss
 *(.rel.bss)

.rela.bss
 *(.rela.bss)

.rel.plt
 *(.rel.plt)

.rela.plt
 *(.rela.plt)

.text           0x00000000     0x7a38
 *(.vectors)
 .vectors       0x00000000       0x54 c:/winavr-20100110/bin/../lib/gcc/avr/4.3.3/../../../../avr/lib/avr5/crtm32.o
                0x00000000                __vectors
                0x00000000                __vector_default
 *(.vectors)
 *(.progmem.gcc*)
 *(.progmem*)
                0x00000054                . = ALIGN (0x2)
                0x00000054                __trampolines_start = .
 *(.trampolines)
 .trampolines   0x00000054        0x0 linker stubs
 *(.trampolines*)
                0x00000054                __trampolines_end = .
 *(.jumptables)
 *(.jumptables*)
 *(.lowtext)
 *(.lowtext*)
                0x00000054                __ctors_start = .
 *(.ctors)
                0x00000054                __ctors_end = .
                0x00000054                __dtors_start = .
 *(.dtors)
                0x00000054                __dtors_end = .
 SORT(*)(.ctors)
 SORT(*)(.dtors)
 *(.init0)
 .init0         0x00000054        0x0 c:/winavr-20100110/bin/../lib/gcc/avr/4.3.3/../../../../avr/lib/avr5/crtm32.o
                0x00000054                __init
 *(.init0)
 *(.init1)
 *(.init1)
 *(.init2)
 .init2         0x00000054        0xc c:/winavr-20100110/bin/../lib/gcc/avr/4.3.3/../../../../avr/lib/avr5/crtm32.o
 *(.init2)
 *(.init3)
 *(.init3)
 *(.init4)
 .init4         0x00000060       0x16 c:/winavr-20100110/bin/../lib/gcc/avr/4.3.3/avr5\libgcc.a(_copy_data.o)
                0x00000060                __do_copy_data
 *(.init4)
 *(.init5)
 *(.init5)
 *(.init6)
 *(.init6)
 *(.init7)
 *(.init7)
 *(.init8)
 *(.init8)
 *(.init9)
 .init9         0x00000076        0x8 c:/winavr-20100110/bin/../lib/gcc/avr/4.3.3/../../../../avr/lib/avr5/crtm32.o
 *(.init9)
 *(.text)
 .text          0x0000007e        0x4 c:/winavr-20100110/bin/../lib/gcc/avr/4.3.3/../../../../avr/lib/avr5/crtm32.o
                0x0000007e                __vector_1
                0x0000007e                __vector_12
                0x0000007e                __bad_interrupt
                0x0000007e                __vector_6
                0x0000007e                __vector_3
                0x0000007e                __vector_11
                0x0000007e                __vector_13
                0x0000007e                __vector_17
                0x0000007e                __vector_19
                0x0000007e                __vector_7
                0x0000007e                __vector_5
                0x0000007e                __vector_4
                0x0000007e                __vector_9
                0x0000007e                __vector_2
                0x0000007e                __vector_15
                0x0000007e                __vector_8
                0x0000007e                __vector_14
                0x0000007e                __vector_10
                0x0000007e                __vector_16
                0x0000007e                __vector_18
                0x0000007e                __vector_20
 .text          0x00000082        0x0 ./Sources/5. Project/Glove_Sender/Sources/glove_sender.o
 .text          0x00000082        0x0 ./Sources/4.Applicaton/main.o
 .text          0x00000082        0x0 ./Sources/2.ECUAL/SSD/Sources/SSD.o
 .text          0x00000082        0x0 ./Sources/2.ECUAL/LM35/Sources/LM35.o
 .text          0x00000082        0x0 ./Sources/2.ECUAL/LED/Sources/LED.o
 .text          0x00000082        0x0 ./Sources/2.ECUAL/LCD/Sources/LCD.o
 .text          0x00000082        0x0 ./Sources/2.ECUAL/Keypad/Sources/KEYPAD.o
 .text          0x00000082        0x0 ./Sources/2.ECUAL/EEPROM24C16C [External]/Sources/EEPROM24C16C.o
 .text          0x00000082        0x0 ./Sources/2.ECUAL/EEPROM [MCAL]/Sources/EEPROM.o
 .text          0x00000082        0x0 ./Sources/2.ECUAL/DC Motor/Sources/DC_Motor.o
 .text          0x00000082        0x0 ./Sources/2.ECUAL/Buzzer/Sources/Buzzer.o
 .text          0x00000082        0x0 ./Sources/2.ECUAL/Buttons/Sources/Buttons.o
 .text          0x00000082        0x0 ./Sources/1.MCAL/UART/Sources/UART.o
 .text          0x00000082        0x0 ./Sources/1.MCAL/Timer0/Sources/Timer0.o
 .text          0x00000082        0x0 ./Sources/1.MCAL/I2C/Sources/I2C.o
 .text          0x00000082        0x0 ./Sources/1.MCAL/GINT/Sources/GINT.o
 .text          0x00000082        0x0 ./Sources/1.MCAL/EXTINT/Sources/EXTINT.o
 .text          0x00000082        0x0 ./Sources/1.MCAL/DIO/Sources/DIO.o
 .text          0x00000082        0x0 ./Sources/1.MCAL/ADC/ADC.o
 .text          0x00000082        0x0 c:/winavr-20100110/bin/../lib/gcc/avr/4.3.3/avr5\libgcc.a(_udivmodqi4.o)
 .text          0x00000082        0x0 c:/winavr-20100110/bin/../lib/gcc/avr/4.3.3/avr5\libgcc.a(_udivmodsi4.o)
 .text          0x00000082        0x0 c:/winavr-20100110/bin/../lib/gcc/avr/4.3.3/avr5\libgcc.a(_exit.o)
 .text          0x00000082        0x0 c:/winavr-20100110/bin/../lib/gcc/avr/4.3.3/avr5\libgcc.a(_copy_data.o)
 .text          0x00000082       0x58 c:/winavr-20100110/bin/../lib/gcc/avr/4.3.3/avr5\libgcc.a(_fixunssfsi.o)
                0x00000082                __fixunssfsi
 .text          0x000000da      0x354 c:/winavr-20100110/bin/../lib/gcc/avr/4.3.3/avr5\libgcc.a(_addsub_sf.o)
                0x00000372                __subsf3
                0x000003d4                __addsf3
 .text          0x0000042e      0x1f4 c:/winavr-20100110/bin/../lib/gcc/avr/4.3.3/avr5\libgcc.a(_mul_sf.o)
                0x0000042e                __mulsf3
 .text          0x00000622      0x158 c:/winavr-20100110/bin/../lib/gcc/avr/4.3.3/avr5\libgcc.a(_div_sf.o)
                0x00000622                __divsf3
 .text          0x0000077a       0x60 c:/winavr-20100110/bin/../lib/gcc/avr/4.3.3/avr5\libgcc.a(_gt_sf.o)
                0x0000077a                __gtsf2
 .text          0x000007da       0x60 c:/winavr-20100110/bin/../lib/gcc/avr/4.3.3/avr5\libgcc.a(_ge_sf.o)
                0x000007da                __gesf2
 .text          0x0000083a       0x60 c:/winavr-20100110/bin/../lib/gcc/avr/4.3.3/avr5\libgcc.a(_lt_sf.o)
                0x0000083a                __ltsf2
 .text          0x0000089a       0xa8 c:/winavr-20100110/bin/../lib/gcc/avr/4.3.3/avr5\libgcc.a(_sf_to_si.o)
                0x0000089a                __fixsfsi
 .text          0x00000942        0x0 c:/winavr-20100110/bin/../lib/gcc/avr/4.3.3/avr5\libgcc.a(_thenan_sf.o)
 .text          0x00000942       0xf2 c:/winavr-20100110/bin/../lib/gcc/avr/4.3.3/avr5\libgcc.a(_usi_to_sf.o)
                0x00000942                __floatunsisf
 .text          0x00000a34        0x0 c:/winavr-20100110/bin/../lib/gcc/avr/4.3.3/avr5\libgcc.a(_prologue.o)
 .text          0x00000a34        0x0 c:/winavr-20100110/bin/../lib/gcc/avr/4.3.3/avr5\libgcc.a(_epilogue.o)
 .text          0x00000a34       0x9e c:/winavr-20100110/bin/../lib/gcc/avr/4.3.3/avr5\libgcc.a(_clzsi2.o)
                0x00000a34                __clzsi2
 .text          0x00000ad2      0x1aa c:/winavr-20100110/bin/../lib/gcc/avr/4.3.3/avr5\libgcc.a(_pack_sf.o)
                0x00000ad2                __pack_f
 .text          0x00000c7c       0xf0 c:/winavr-20100110/bin/../lib/gcc/avr/4.3.3/avr5\libgcc.a(_unpack_sf.o)
                0x00000c7c                __unpack_f
 .text          0x00000d6c       0xb2 c:/winavr-20100110/bin/../lib/gcc/avr/4.3.3/avr5\libgcc.a(_fpcmp_parts_sf.o)
                0x00000d6c                __fpcmp_parts_f
 .text          0x00000e1e        0x0 c:/winavr-20100110/bin/../lib/gcc/avr/4.3.3/avr5\libgcc.a(_clz.o)
 .text          0x00000e1e        0x0 c:/winavr-20100110/bin/../lib/gcc/avr/4.3.3/../../../../avr/lib/avr5\libc.a(sprintf.o)
 .text          0x00000e1e        0x0 c:/winavr-20100110/bin/../lib/gcc/avr/4.3.3/../../../../avr/lib/avr5\libc.a(vfprintf_std.o)
 .text          0x00000e1e        0x0 c:/winavr-20100110/bin/../lib/gcc/avr/4.3.3/../../../../avr/lib/avr5\libc.a(strnlen_P.o)
 .text          0x00000e1e        0x0 c:/winavr-20100110/bin/../lib/gcc/avr/4.3.3/../../../../avr/lib/avr5\libc.a(strnlen.o)
 .text          0x00000e1e        0x0 c:/winavr-20100110/bin/../lib/gcc/avr/4.3.3/../../../../avr/lib/avr5\libc.a(fputc.o)
 .text          0x00000e1e        0x0 c:/winavr-20100110/bin/../lib/gcc/avr/4.3.3/../../../../avr/lib/avr5\libc.a(ultoa_invert.o)
                0x00000e1e                . = ALIGN (0x2)
 *(.text.*)
 .text.ReadySteadyGo
                0x00000e1e      0xb16 ./Sources/5. Project/Glove_Sender/Sources/glove_sender.o
                0x00000e1e                ReadySteadyGo
 .text.GloveSendInit
                0x00001934       0x3a ./Sources/5. Project/Glove_Sender/Sources/glove_sender.o
                0x00001934                GloveSendInit
 .text.CarForward_Send
                0x0000196e       0x14 ./Sources/5. Project/Glove_Sender/Sources/glove_sender.o
                0x0000196e                CarForward_Send
 .text.CarForwardFullSpeed_Send
                0x00001982       0x14 ./Sources/5. Project/Glove_Sender/Sources/glove_sender.o
                0x00001982                CarForwardFullSpeed_Send
 .text.CarBackward_Send
                0x00001996       0x14 ./Sources/5. Project/Glove_Sender/Sources/glove_sender.o
                0x00001996                CarBackward_Send
 .text.CarSteerRight_Send
                0x000019aa       0x14 ./Sources/5. Project/Glove_Sender/Sources/glove_sender.o
                0x000019aa                CarSteerRight_Send
 .text.CarSteerLeft_Send
                0x000019be       0x14 ./Sources/5. Project/Glove_Sender/Sources/glove_sender.o
                0x000019be                CarSteerLeft_Send
 .text.CarStop_Send
                0x000019d2       0x14 ./Sources/5. Project/Glove_Sender/Sources/glove_sender.o
                0x000019d2                CarStop_Send
 .text.Thumb_IsBent
                0x000019e6       0x36 ./Sources/5. Project/Glove_Sender/Sources/glove_sender.o
                0x000019e6                Thumb_IsBent
 .text.MiddleFinger_IsBent
                0x00001a1c       0x36 ./Sources/5. Project/Glove_Sender/Sources/glove_sender.o
                0x00001a1c                MiddleFinger_IsBent
 .text.IndexFinger_IsBent
                0x00001a52       0x36 ./Sources/5. Project/Glove_Sender/Sources/glove_sender.o
                0x00001a52                IndexFinger_IsBent
 .text.Thumb_IsLowSpeed
                0x00001a88       0x36 ./Sources/5. Project/Glove_Sender/Sources/glove_sender.o
                0x00001a88                Thumb_IsLowSpeed
 .text.Thumb_IsFullSpeed
                0x00001abe       0x36 ./Sources/5. Project/Glove_Sender/Sources/glove_sender.o
                0x00001abe                Thumb_IsFullSpeed
 .text.Execute_glove_sender
                0x00001af4       0x94 ./Sources/5. Project/Glove_Sender/Sources/glove_sender.o
                0x00001af4                Execute_glove_sender
 .text.main     0x00001b88       0x36 ./Sources/4.Applicaton/main.o
                0x00001b88                main
 .text.SSD_voidInit
                0x00001bbe       0x4a ./Sources/2.ECUAL/SSD/Sources/SSD.o
                0x00001bbe                SSD_voidInit
 .text.SSD_voidDisplayNum
                0x00001c08      0x37e ./Sources/2.ECUAL/SSD/Sources/SSD.o
                0x00001c08                SSD_voidDisplayNum
 .text.SSD_CountDisplayNum
                0x00001f86      0x286 ./Sources/2.ECUAL/SSD/Sources/SSD.o
                0x00001f86                SSD_CountDisplayNum
 .text.SSD_voidDelayWDisplay_ms
                0x0000220c       0x7c ./Sources/2.ECUAL/SSD/Sources/SSD.o
                0x0000220c                SSD_voidDelayWDisplay_ms
 .text.LM35_voidInit
                0x00002288       0x14 ./Sources/2.ECUAL/LM35/Sources/LM35.o
                0x00002288                LM35_voidInit
 .text.LM35_u8TempRead
                0x0000229c       0x5c ./Sources/2.ECUAL/LM35/Sources/LM35.o
                0x0000229c                LM35_u8TempRead
 .text.LED_voidInit
                0x000022f8       0x2c ./Sources/2.ECUAL/LED/Sources/LED.o
                0x000022f8                LED_voidInit
 .text.LED_voidLedOn
                0x00002324       0x62 ./Sources/2.ECUAL/LED/Sources/LED.o
                0x00002324                LED_voidLedOn
 .text.LED_voidLedOff
                0x00002386       0x62 ./Sources/2.ECUAL/LED/Sources/LED.o
                0x00002386                LED_voidLedOff
 .text.LED_voidLEDToggle
                0x000023e8       0x5c ./Sources/2.ECUAL/LED/Sources/LED.o
                0x000023e8                LED_voidLEDToggle
 .text.LED_voidFLASH
                0x00002444     0x28e2 ./Sources/2.ECUAL/LED/Sources/LED.o
                0x00002444                LED_voidFLASH
 .text.LCD_voidInit
                0x00004d26      0x3d8 ./Sources/2.ECUAL/LCD/Sources/LCD.o
                0x00004d26                LCD_voidInit
 .text.Pulse    0x000050fe      0x1b6 ./Sources/2.ECUAL/LCD/Sources/LCD.o
 .text.LCD_voidDisplayChar
                0x000052b4      0x224 ./Sources/2.ECUAL/LCD/Sources/LCD.o
                0x000052b4                LCD_voidDisplayChar
 .text.LCD_voidCMD
                0x000054d8      0x224 ./Sources/2.ECUAL/LCD/Sources/LCD.o
                0x000054d8                LCD_voidCMD
 .text.LCD_voidMatrix
                0x000056fc       0x4e ./Sources/2.ECUAL/LCD/Sources/LCD.o
                0x000056fc                LCD_voidMatrix
 .text.LCD_voidDisplayStr
                0x0000574a       0x72 ./Sources/2.ECUAL/LCD/Sources/LCD.o
                0x0000574a                LCD_voidDisplayStr
 .text.LCD_voidDIsplayInteger
                0x000057bc       0x80 ./Sources/2.ECUAL/LCD/Sources/LCD.o
                0x000057bc                LCD_voidDIsplayInteger
 .text.LCD_voidCustomChar1
                0x0000583c       0xa2 ./Sources/2.ECUAL/LCD/Sources/LCD.o
                0x0000583c                LCD_voidCustomChar1
 .text.LCD_voidDisplayFloat
                0x000058de       0x80 ./Sources/2.ECUAL/LCD/Sources/LCD.o
                0x000058de                LCD_voidDisplayFloat
 .text.KEYPAD_voidInit
                0x0000595e       0xa6 ./Sources/2.ECUAL/Keypad/Sources/KEYPAD.o
                0x0000595e                KEYPAD_voidInit
 .text.KEYPAD_RESET
                0x00005a04       0x36 ./Sources/2.ECUAL/Keypad/Sources/KEYPAD.o
                0x00005a04                KEYPAD_RESET
 .text.KEYPAD_PRESSED
                0x00005a3a       0x4c ./Sources/2.ECUAL/Keypad/Sources/KEYPAD.o
 .text.KEYPAD_FindRow
                0x00005a86       0x62 ./Sources/2.ECUAL/Keypad/Sources/KEYPAD.o
 .text.KEYPAD_FindCol
                0x00005ae8      0x106 ./Sources/2.ECUAL/Keypad/Sources/KEYPAD.o
 .text.KEYPAD_u8FindKey
                0x00005bee       0x70 ./Sources/2.ECUAL/Keypad/Sources/KEYPAD.o
                0x00005bee                KEYPAD_u8FindKey
 .text.EEPROM24C16C_voidInit
                0x00005c5e       0x12 ./Sources/2.ECUAL/EEPROM24C16C [External]/Sources/EEPROM24C16C.o
                0x00005c5e                EEPROM24C16C_voidInit
 .text.EEPROM24C16C_voidWriteByte
                0x00005c70      0x15a ./Sources/2.ECUAL/EEPROM24C16C [External]/Sources/EEPROM24C16C.o
                0x00005c70                EEPROM24C16C_voidWriteByte
 .text.EEPROM24C16C_u8ReadByte
                0x00005dca       0x7e ./Sources/2.ECUAL/EEPROM24C16C [External]/Sources/EEPROM24C16C.o
                0x00005dca                EEPROM24C16C_u8ReadByte
 .text.EEPROM_voidInit
                0x00005e48       0x24 ./Sources/2.ECUAL/EEPROM [MCAL]/Sources/EEPROM.o
                0x00005e48                EEPROM_voidInit
 .text.EEPROM_voidWriteByte
                0x00005e6c       0x1e ./Sources/2.ECUAL/EEPROM [MCAL]/Sources/EEPROM.o
                0x00005e6c                EEPROM_voidWriteByte
 .text.EEPROM_u8ReadByte
                0x00005e8a       0x1c ./Sources/2.ECUAL/EEPROM [MCAL]/Sources/EEPROM.o
                0x00005e8a                EEPROM_u8ReadByte
 .text.DC_Motor_voidInit
                0x00005ea6       0x5e ./Sources/2.ECUAL/DC Motor/Sources/DC_Motor.o
                0x00005ea6                DC_Motor_voidInit
 .text.DC_Motor_voidStart
                0x00005f04       0xc2 ./Sources/2.ECUAL/DC Motor/Sources/DC_Motor.o
                0x00005f04                DC_Motor_voidStart
 .text.DC_Motor_voidStop
                0x00005fc6      0x21e ./Sources/2.ECUAL/DC Motor/Sources/DC_Motor.o
                0x00005fc6                DC_Motor_voidStop
 .text.Buzzer_voidInit
                0x000061e4       0x18 ./Sources/2.ECUAL/Buzzer/Sources/Buzzer.o
                0x000061e4                Buzzer_voidInit
 .text.Buzzer_voidOn
                0x000061fc       0x18 ./Sources/2.ECUAL/Buzzer/Sources/Buzzer.o
                0x000061fc                Buzzer_voidOn
 .text.Buzzer_voidOff
                0x00006214       0x18 ./Sources/2.ECUAL/Buzzer/Sources/Buzzer.o
                0x00006214                Buzzer_voidOff
 .text.BUTTONS_voidInit
                0x0000622c       0x2c ./Sources/2.ECUAL/Buttons/Sources/Buttons.o
                0x0000622c                BUTTONS_voidInit
 .text.BUTTONS_udtButtonStatus
                0x00006258       0x84 ./Sources/2.ECUAL/Buttons/Sources/Buttons.o
                0x00006258                BUTTONS_udtButtonStatus
 .text.UART_voidInit
                0x000062dc      0x1f2 ./Sources/1.MCAL/UART/Sources/UART.o
                0x000062dc                UART_voidInit
 .text.UART_Init
                0x000064ce       0xaa ./Sources/1.MCAL/UART/Sources/UART.o
                0x000064ce                UART_Init
 .text.UART_voidSendByte
                0x00006578       0x34 ./Sources/1.MCAL/UART/Sources/UART.o
                0x00006578                UART_voidSendByte
 .text.UART_u8ReceiveByte
                0x000065ac       0x1e ./Sources/1.MCAL/UART/Sources/UART.o
                0x000065ac                UART_u8ReceiveByte
 .text.UART_voidTransmitString
                0x000065ca       0x38 ./Sources/1.MCAL/UART/Sources/UART.o
                0x000065ca                UART_voidTransmitString
 .text.Timer0_voidInit
                0x00006602       0x2a ./Sources/1.MCAL/Timer0/Sources/Timer0.o
                0x00006602                Timer0_voidInit
 .text.Timer0_voidTimerStart
                0x0000662c       0x28 ./Sources/1.MCAL/Timer0/Sources/Timer0.o
                0x0000662c                Timer0_voidTimerStart
 .text.Timer0_voidTimerStop
                0x00006654       0x1c ./Sources/1.MCAL/Timer0/Sources/Timer0.o
                0x00006654                Timer0_voidTimerStop
 .text.Timer0_voidEnableCTCInterrupt
                0x00006670       0x20 ./Sources/1.MCAL/Timer0/Sources/Timer0.o
                0x00006670                Timer0_voidEnableCTCInterrupt
 .text.Timer0_voidDisableCTCInterrupt
                0x00006690       0x1c ./Sources/1.MCAL/Timer0/Sources/Timer0.o
                0x00006690                Timer0_voidDisableCTCInterrupt
 .text.Timer0_voidSetOCR
                0x000066ac       0x1c ./Sources/1.MCAL/Timer0/Sources/Timer0.o
                0x000066ac                Timer0_voidSetOCR
 .text.I2C_MasterInit
                0x000066c8       0x24 ./Sources/1.MCAL/I2C/Sources/I2C.o
                0x000066c8                I2C_MasterInit
 .text.I2C_SlaveInit
                0x000066ec       0x4a ./Sources/1.MCAL/I2C/Sources/I2C.o
                0x000066ec                I2C_SlaveInit
 .text.I2C_StartCondition
                0x00006736       0x36 ./Sources/1.MCAL/I2C/Sources/I2C.o
                0x00006736                I2C_StartCondition
 .text.I2C_RepeatedStartCondition
                0x0000676c       0x3c ./Sources/1.MCAL/I2C/Sources/I2C.o
                0x0000676c                I2C_RepeatedStartCondition
 .text.I2C_StopCondition
                0x000067a8       0x26 ./Sources/1.MCAL/I2C/Sources/I2C.o
                0x000067a8                I2C_StopCondition
 .text.I2C_WriteByte
                0x000067ce       0x34 ./Sources/1.MCAL/I2C/Sources/I2C.o
                0x000067ce                I2C_WriteByte
 .text.I2C_Send_SlaveAddressWriteOperation
                0x00006802       0x3a ./Sources/1.MCAL/I2C/Sources/I2C.o
                0x00006802                I2C_Send_SlaveAddressWriteOperation
 .text.I2C_Send_SlaveAddressReadOperation
                0x0000683c       0x42 ./Sources/1.MCAL/I2C/Sources/I2C.o
                0x0000683c                I2C_Send_SlaveAddressReadOperation
 .text.I2C_ReadByte
                0x0000687e       0x2c ./Sources/1.MCAL/I2C/Sources/I2C.o
                0x0000687e                I2C_ReadByte
 .text.I2C_ReadStatus
                0x000068aa       0x1e ./Sources/1.MCAL/I2C/Sources/I2C.o
                0x000068aa                I2C_ReadStatus
 .text.GINT_voidEnableAllInterrupts
                0x000068c8       0x1c ./Sources/1.MCAL/GINT/Sources/GINT.o
                0x000068c8                GINT_voidEnableAllInterrupts
 .text.GINT_voidDisableAllInterrupts
                0x000068e4       0x1c ./Sources/1.MCAL/GINT/Sources/GINT.o
                0x000068e4                GINT_voidDisableAllInterrupts
 .text.EXTINT_voidConfigureEXTINT
                0x00006900      0x1be ./Sources/1.MCAL/EXTINT/Sources/EXTINT.o
                0x00006900                EXTINT_voidConfigureEXTINT
 .text.EXTINT_voidDisableEXTINT
                0x00006abe       0x6e ./Sources/1.MCAL/EXTINT/Sources/EXTINT.o
                0x00006abe                EXTINT_voidDisableEXTINT
 .text.DIO_voidconfigureChannel
                0x00006b2c      0x1c6 ./Sources/1.MCAL/DIO/Sources/DIO.o
                0x00006b2c                DIO_voidconfigureChannel
 .text.DIO_voidWRITEChannel
                0x00006cf2      0x1c6 ./Sources/1.MCAL/DIO/Sources/DIO.o
                0x00006cf2                DIO_voidWRITEChannel
 .text.DIO_voidREADChannel
                0x00006eb8       0xf2 ./Sources/1.MCAL/DIO/Sources/DIO.o
                0x00006eb8                DIO_voidREADChannel
 .text.DIO_voidWRITEChannelGroup
                0x00006faa       0xb8 ./Sources/1.MCAL/DIO/Sources/DIO.o
                0x00006faa                DIO_voidWRITEChannelGroup
 .text.DIO_voidPULLUpEnable
                0x00007062       0xfa ./Sources/1.MCAL/DIO/Sources/DIO.o
                0x00007062                DIO_voidPULLUpEnable
 .text.DIO_voidFlipChannel
                0x0000715c       0xfa ./Sources/1.MCAL/DIO/Sources/DIO.o
                0x0000715c                DIO_voidFlipChannel
 .text.WakeUp_Call
                0x00007256       0x28 ./Sources/1.MCAL/DIO/Sources/DIO.o
                0x00007256                WakeUp_Call
 .text.ADC_voidInit
                0x0000727e       0x5a ./Sources/1.MCAL/ADC/ADC.o
                0x0000727e                ADC_voidInit
 .text.ADC_u16ReadSteps
                0x000072d8       0x84 ./Sources/1.MCAL/ADC/ADC.o
                0x000072d8                ADC_u16ReadSteps
 .text.ADC_f64ReadVolts_mv
                0x0000735c       0xcc ./Sources/1.MCAL/ADC/ADC.o
                0x0000735c                ADC_f64ReadVolts_mv
 .text.libgcc   0x00007428       0x18 c:/winavr-20100110/bin/../lib/gcc/avr/4.3.3/avr5\libgcc.a(_udivmodqi4.o)
                0x00007428                __udivmodqi4
 .text.libgcc   0x00007440       0x44 c:/winavr-20100110/bin/../lib/gcc/avr/4.3.3/avr5\libgcc.a(_udivmodsi4.o)
                0x00007440                __udivmodsi4
 .text.libgcc   0x00007484        0x0 c:/winavr-20100110/bin/../lib/gcc/avr/4.3.3/avr5\libgcc.a(_exit.o)
 .text.libgcc   0x00007484        0x0 c:/winavr-20100110/bin/../lib/gcc/avr/4.3.3/avr5\libgcc.a(_copy_data.o)
 .text.libgcc   0x00007484       0x38 c:/winavr-20100110/bin/../lib/gcc/avr/4.3.3/avr5\libgcc.a(_prologue.o)
                0x00007484                __prologue_saves__
 .text.libgcc   0x000074bc       0x36 c:/winavr-20100110/bin/../lib/gcc/avr/4.3.3/avr5\libgcc.a(_epilogue.o)
                0x000074bc                __epilogue_restores__
 .text.avr-libc
                0x000074f2       0x48 c:/winavr-20100110/bin/../lib/gcc/avr/4.3.3/../../../../avr/lib/avr5\libc.a(sprintf.o)
                0x000074f2                sprintf
 .text.avr-libc
                0x0000753a      0x3ba c:/winavr-20100110/bin/../lib/gcc/avr/4.3.3/../../../../avr/lib/avr5\libc.a(vfprintf_std.o)
                0x0000753a                vfprintf
 .text.avr-libc
                0x000078f4       0x16 c:/winavr-20100110/bin/../lib/gcc/avr/4.3.3/../../../../avr/lib/avr5\libc.a(strnlen_P.o)
                0x000078f4                strnlen_P
 .text.avr-libc
                0x0000790a       0x16 c:/winavr-20100110/bin/../lib/gcc/avr/4.3.3/../../../../avr/lib/avr5\libc.a(strnlen.o)
                0x0000790a                strnlen
 .text.avr-libc
                0x00007920       0x58 c:/winavr-20100110/bin/../lib/gcc/avr/4.3.3/../../../../avr/lib/avr5\libc.a(fputc.o)
                0x00007920                fputc
 .text.avr-libc
                0x00007978       0xbc c:/winavr-20100110/bin/../lib/gcc/avr/4.3.3/../../../../avr/lib/avr5\libc.a(ultoa_invert.o)
                0x00007978                __ultoa_invert
                0x00007a34                . = ALIGN (0x2)
 *(.fini9)
 .fini9         0x00007a34        0x0 c:/winavr-20100110/bin/../lib/gcc/avr/4.3.3/avr5\libgcc.a(_exit.o)
                0x00007a34                exit
                0x00007a34                _exit
 *(.fini9)
 *(.fini8)
 *(.fini8)
 *(.fini7)
 *(.fini7)
 *(.fini6)
 *(.fini6)
 *(.fini5)
 *(.fini5)
 *(.fini4)
 *(.fini4)
 *(.fini3)
 *(.fini3)
 *(.fini2)
 *(.fini2)
 *(.fini1)
 *(.fini1)
 *(.fini0)
 .fini0         0x00007a34        0x4 c:/winavr-20100110/bin/../lib/gcc/avr/4.3.3/avr5\libgcc.a(_exit.o)
 *(.fini0)
                0x00007a38                _etext = .

.data           0x00800060      0x142 load address 0x00007a38
                0x00800060                PROVIDE (__data_start, .)
 *(.data)
 .data          0x00800060        0x0 c:/winavr-20100110/bin/../lib/gcc/avr/4.3.3/../../../../avr/lib/avr5/crtm32.o
 .data          0x00800060       0x19 ./Sources/5. Project/Glove_Sender/Sources/glove_sender.o
 .data          0x00800079        0x0 ./Sources/4.Applicaton/main.o
 .data          0x00800079        0x0 ./Sources/2.ECUAL/SSD/Sources/SSD.o
 .data          0x00800079        0x0 ./Sources/2.ECUAL/LM35/Sources/LM35.o
 .data          0x00800079        0x0 ./Sources/2.ECUAL/LED/Sources/LED.o
 .data          0x00800079        0x9 ./Sources/2.ECUAL/LCD/Sources/LCD.o
 .data          0x00800082        0x0 ./Sources/2.ECUAL/Keypad/Sources/KEYPAD.o
 .data          0x00800082        0x0 ./Sources/2.ECUAL/EEPROM24C16C [External]/Sources/EEPROM24C16C.o
 .data          0x00800082        0x0 ./Sources/2.ECUAL/EEPROM [MCAL]/Sources/EEPROM.o
 .data          0x00800082        0x0 ./Sources/2.ECUAL/DC Motor/Sources/DC_Motor.o
 .data          0x00800082        0x0 ./Sources/2.ECUAL/Buzzer/Sources/Buzzer.o
 .data          0x00800082        0x0 ./Sources/2.ECUAL/Buttons/Sources/Buttons.o
 .data          0x00800082        0x0 ./Sources/1.MCAL/UART/Sources/UART.o
 .data          0x00800082        0x0 ./Sources/1.MCAL/Timer0/Sources/Timer0.o
 .data          0x00800082        0x0 ./Sources/1.MCAL/I2C/Sources/I2C.o
 .data          0x00800082        0x0 ./Sources/1.MCAL/GINT/Sources/GINT.o
 .data          0x00800082        0x0 ./Sources/1.MCAL/EXTINT/Sources/EXTINT.o
 .data          0x00800082        0x0 ./Sources/1.MCAL/DIO/Sources/DIO.o
 .data          0x00800082        0x0 ./Sources/1.MCAL/ADC/ADC.o
 .data          0x00800082        0x0 c:/winavr-20100110/bin/../lib/gcc/avr/4.3.3/avr5\libgcc.a(_udivmodqi4.o)
 .data          0x00800082        0x0 c:/winavr-20100110/bin/../lib/gcc/avr/4.3.3/avr5\libgcc.a(_udivmodsi4.o)
 .data          0x00800082        0x0 c:/winavr-20100110/bin/../lib/gcc/avr/4.3.3/avr5\libgcc.a(_exit.o)
 .data          0x00800082        0x0 c:/winavr-20100110/bin/../lib/gcc/avr/4.3.3/avr5\libgcc.a(_copy_data.o)
 .data          0x00800082        0x0 c:/winavr-20100110/bin/../lib/gcc/avr/4.3.3/avr5\libgcc.a(_fixunssfsi.o)
 .data          0x00800082        0x0 c:/winavr-20100110/bin/../lib/gcc/avr/4.3.3/avr5\libgcc.a(_addsub_sf.o)
 .data          0x00800082        0x0 c:/winavr-20100110/bin/../lib/gcc/avr/4.3.3/avr5\libgcc.a(_mul_sf.o)
 .data          0x00800082        0x0 c:/winavr-20100110/bin/../lib/gcc/avr/4.3.3/avr5\libgcc.a(_div_sf.o)
 .data          0x00800082        0x0 c:/winavr-20100110/bin/../lib/gcc/avr/4.3.3/avr5\libgcc.a(_gt_sf.o)
 .data          0x00800082        0x0 c:/winavr-20100110/bin/../lib/gcc/avr/4.3.3/avr5\libgcc.a(_ge_sf.o)
 .data          0x00800082        0x0 c:/winavr-20100110/bin/../lib/gcc/avr/4.3.3/avr5\libgcc.a(_lt_sf.o)
 .data          0x00800082        0x0 c:/winavr-20100110/bin/../lib/gcc/avr/4.3.3/avr5\libgcc.a(_sf_to_si.o)
 .data          0x00800082        0x8 c:/winavr-20100110/bin/../lib/gcc/avr/4.3.3/avr5\libgcc.a(_thenan_sf.o)
                0x00800082                __thenan_sf
 .data          0x0080008a        0x0 c:/winavr-20100110/bin/../lib/gcc/avr/4.3.3/avr5\libgcc.a(_usi_to_sf.o)
 .data          0x0080008a        0x0 c:/winavr-20100110/bin/../lib/gcc/avr/4.3.3/avr5\libgcc.a(_prologue.o)
 .data          0x0080008a        0x0 c:/winavr-20100110/bin/../lib/gcc/avr/4.3.3/avr5\libgcc.a(_epilogue.o)
 .data          0x0080008a        0x0 c:/winavr-20100110/bin/../lib/gcc/avr/4.3.3/avr5\libgcc.a(_clzsi2.o)
 .data          0x0080008a        0x0 c:/winavr-20100110/bin/../lib/gcc/avr/4.3.3/avr5\libgcc.a(_pack_sf.o)
 .data          0x0080008a        0x0 c:/winavr-20100110/bin/../lib/gcc/avr/4.3.3/avr5\libgcc.a(_unpack_sf.o)
 .data          0x0080008a        0x0 c:/winavr-20100110/bin/../lib/gcc/avr/4.3.3/avr5\libgcc.a(_fpcmp_parts_sf.o)
 .data          0x0080008a      0x100 c:/winavr-20100110/bin/../lib/gcc/avr/4.3.3/avr5\libgcc.a(_clz.o)
                0x0080008a                __clz_tab
 .data          0x0080018a        0x0 c:/winavr-20100110/bin/../lib/gcc/avr/4.3.3/../../../../avr/lib/avr5\libc.a(sprintf.o)
 .data          0x0080018a        0x0 c:/winavr-20100110/bin/../lib/gcc/avr/4.3.3/../../../../avr/lib/avr5\libc.a(vfprintf_std.o)
 .data          0x0080018a        0x0 c:/winavr-20100110/bin/../lib/gcc/avr/4.3.3/../../../../avr/lib/avr5\libc.a(strnlen_P.o)
 .data          0x0080018a        0x0 c:/winavr-20100110/bin/../lib/gcc/avr/4.3.3/../../../../avr/lib/avr5\libc.a(strnlen.o)
 .data          0x0080018a        0x0 c:/winavr-20100110/bin/../lib/gcc/avr/4.3.3/../../../../avr/lib/avr5\libc.a(fputc.o)
 .data          0x0080018a        0x0 c:/winavr-20100110/bin/../lib/gcc/avr/4.3.3/../../../../avr/lib/avr5\libc.a(ultoa_invert.o)
 *(.data*)
 .data.KEYPAD_Layout
                0x0080018a       0x10 ./Sources/2.ECUAL/Keypad/Sources/KEYPAD.o
                0x0080018a                KEYPAD_Layout
 *(.rodata)
 *(.rodata*)
 .rodata.C.2.1633
                0x0080019a        0x8 ./Sources/2.ECUAL/LCD/Sources/LCD.o
 *(.gnu.linkonce.d*)
                0x008001a2                . = ALIGN (0x2)
                0x008001a2                _edata = .
                0x008001a2                PROVIDE (__data_end, .)

.bss            0x008001a2        0x0
                0x008001a2                PROVIDE (__bss_start, .)
 *(.bss)
 .bss           0x008001a2        0x0 c:/winavr-20100110/bin/../lib/gcc/avr/4.3.3/../../../../avr/lib/avr5/crtm32.o
 .bss           0x008001a2        0x0 ./Sources/5. Project/Glove_Sender/Sources/glove_sender.o
 .bss           0x008001a2        0x0 ./Sources/4.Applicaton/main.o
 .bss           0x008001a2        0x0 ./Sources/2.ECUAL/SSD/Sources/SSD.o
 .bss           0x008001a2        0x0 ./Sources/2.ECUAL/LM35/Sources/LM35.o
 .bss           0x008001a2        0x0 ./Sources/2.ECUAL/LED/Sources/LED.o
 .bss           0x008001a2        0x0 ./Sources/2.ECUAL/LCD/Sources/LCD.o
 .bss           0x008001a2        0x0 ./Sources/2.ECUAL/Keypad/Sources/KEYPAD.o
 .bss           0x008001a2        0x0 ./Sources/2.ECUAL/EEPROM24C16C [External]/Sources/EEPROM24C16C.o
 .bss           0x008001a2        0x0 ./Sources/2.ECUAL/EEPROM [MCAL]/Sources/EEPROM.o
 .bss           0x008001a2        0x0 ./Sources/2.ECUAL/DC Motor/Sources/DC_Motor.o
 .bss           0x008001a2        0x0 ./Sources/2.ECUAL/Buzzer/Sources/Buzzer.o
 .bss           0x008001a2        0x0 ./Sources/2.ECUAL/Buttons/Sources/Buttons.o
 .bss           0x008001a2        0x0 ./Sources/1.MCAL/UART/Sources/UART.o
 .bss           0x008001a2        0x0 ./Sources/1.MCAL/Timer0/Sources/Timer0.o
 .bss           0x008001a2        0x0 ./Sources/1.MCAL/I2C/Sources/I2C.o
 .bss           0x008001a2        0x0 ./Sources/1.MCAL/GINT/Sources/GINT.o
 .bss           0x008001a2        0x0 ./Sources/1.MCAL/EXTINT/Sources/EXTINT.o
 .bss           0x008001a2        0x0 ./Sources/1.MCAL/DIO/Sources/DIO.o
 .bss           0x008001a2        0x0 ./Sources/1.MCAL/ADC/ADC.o
 .bss           0x008001a2        0x0 c:/winavr-20100110/bin/../lib/gcc/avr/4.3.3/avr5\libgcc.a(_udivmodqi4.o)
 .bss           0x008001a2        0x0 c:/winavr-20100110/bin/../lib/gcc/avr/4.3.3/avr5\libgcc.a(_udivmodsi4.o)
 .bss           0x008001a2        0x0 c:/winavr-20100110/bin/../lib/gcc/avr/4.3.3/avr5\libgcc.a(_exit.o)
 .bss           0x008001a2        0x0 c:/winavr-20100110/bin/../lib/gcc/avr/4.3.3/avr5\libgcc.a(_copy_data.o)
 .bss           0x008001a2        0x0 c:/winavr-20100110/bin/../lib/gcc/avr/4.3.3/avr5\libgcc.a(_fixunssfsi.o)
 .bss           0x008001a2        0x0 c:/winavr-20100110/bin/../lib/gcc/avr/4.3.3/avr5\libgcc.a(_addsub_sf.o)
 .bss           0x008001a2        0x0 c:/winavr-20100110/bin/../lib/gcc/avr/4.3.3/avr5\libgcc.a(_mul_sf.o)
 .bss           0x008001a2        0x0 c:/winavr-20100110/bin/../lib/gcc/avr/4.3.3/avr5\libgcc.a(_div_sf.o)
 .bss           0x008001a2        0x0 c:/winavr-20100110/bin/../lib/gcc/avr/4.3.3/avr5\libgcc.a(_gt_sf.o)
 .bss           0x008001a2        0x0 c:/winavr-20100110/bin/../lib/gcc/avr/4.3.3/avr5\libgcc.a(_ge_sf.o)
 .bss           0x008001a2        0x0 c:/winavr-20100110/bin/../lib/gcc/avr/4.3.3/avr5\libgcc.a(_lt_sf.o)
 .bss           0x008001a2        0x0 c:/winavr-20100110/bin/../lib/gcc/avr/4.3.3/avr5\libgcc.a(_sf_to_si.o)
 .bss           0x008001a2        0x0 c:/winavr-20100110/bin/../lib/gcc/avr/4.3.3/avr5\libgcc.a(_thenan_sf.o)
 .bss           0x008001a2        0x0 c:/winavr-20100110/bin/../lib/gcc/avr/4.3.3/avr5\libgcc.a(_usi_to_sf.o)
 .bss           0x008001a2        0x0 c:/winavr-20100110/bin/../lib/gcc/avr/4.3.3/avr5\libgcc.a(_prologue.o)
 .bss           0x008001a2        0x0 c:/winavr-20100110/bin/../lib/gcc/avr/4.3.3/avr5\libgcc.a(_epilogue.o)
 .bss           0x008001a2        0x0 c:/winavr-20100110/bin/../lib/gcc/avr/4.3.3/avr5\libgcc.a(_clzsi2.o)
 .bss           0x008001a2        0x0 c:/winavr-20100110/bin/../lib/gcc/avr/4.3.3/avr5\libgcc.a(_pack_sf.o)
 .bss           0x008001a2        0x0 c:/winavr-20100110/bin/../lib/gcc/avr/4.3.3/avr5\libgcc.a(_unpack_sf.o)
 .bss           0x008001a2        0x0 c:/winavr-20100110/bin/../lib/gcc/avr/4.3.3/avr5\libgcc.a(_fpcmp_parts_sf.o)
 .bss           0x008001a2        0x0 c:/winavr-20100110/bin/../lib/gcc/avr/4.3.3/avr5\libgcc.a(_clz.o)
 .bss           0x008001a2        0x0 c:/winavr-20100110/bin/../lib/gcc/avr/4.3.3/../../../../avr/lib/avr5\libc.a(sprintf.o)
 .bss           0x008001a2        0x0 c:/winavr-20100110/bin/../lib/gcc/avr/4.3.3/../../../../avr/lib/avr5\libc.a(vfprintf_std.o)
 .bss           0x008001a2        0x0 c:/winavr-20100110/bin/../lib/gcc/avr/4.3.3/../../../../avr/lib/avr5\libc.a(strnlen_P.o)
 .bss           0x008001a2        0x0 c:/winavr-20100110/bin/../lib/gcc/avr/4.3.3/../../../../avr/lib/avr5\libc.a(strnlen.o)
 .bss           0x008001a2        0x0 c:/winavr-20100110/bin/../lib/gcc/avr/4.3.3/../../../../avr/lib/avr5\libc.a(fputc.o)
 .bss           0x008001a2        0x0 c:/winavr-20100110/bin/../lib/gcc/avr/4.3.3/../../../../avr/lib/avr5\libc.a(ultoa_invert.o)
 *(.bss*)
 *(COMMON)
                0x008001a2                PROVIDE (__bss_end, .)
                0x00007a38                __data_load_start = LOADADDR (.data)
                0x00007b7a                __data_load_end = (__data_load_start + SIZEOF (.data))

.noinit         0x008001a2        0x0
                0x008001a2                PROVIDE (__noinit_start, .)
 *(.noinit*)
                0x008001a2                PROVIDE (__noinit_end, .)
                0x008001a2                _end = .
                0x008001a2                PROVIDE (__heap_start, .)

.eeprom         0x00810000        0x0
 *(.eeprom*)
                0x00810000                __eeprom_end = .

.fuse
 *(.fuse)
 *(.lfuse)
 *(.hfuse)
 *(.efuse)

.lock
 *(.lock*)

.signature
 *(.signature*)

.stab           0x00000000     0x7044
 *(.stab)
 .stab          0x00000000     0x12a8 ./Sources/5. Project/Glove_Sender/Sources/glove_sender.o
 .stab          0x000012a8      0x27c ./Sources/4.Applicaton/main.o
                                0x7a4 (size before relaxing)
 .stab          0x00001524      0x7bc ./Sources/2.ECUAL/SSD/Sources/SSD.o
                                0xa44 (size before relaxing)
 .stab          0x00001ce0      0x1b0 ./Sources/2.ECUAL/LM35/Sources/LM35.o
                                0x27c (size before relaxing)
 .stab          0x00001e90     0x195c ./Sources/2.ECUAL/LED/Sources/LED.o
                               0x1c20 (size before relaxing)
 .stab          0x000037ec      0xcc0 ./Sources/2.ECUAL/LCD/Sources/LCD.o
                                0xfd8 (size before relaxing)
 .stab          0x000044ac      0x624 ./Sources/2.ECUAL/Keypad/Sources/KEYPAD.o
                                0x72c (size before relaxing)
 .stab          0x00004ad0      0x3f0 ./Sources/2.ECUAL/EEPROM24C16C [External]/Sources/EEPROM24C16C.o
                                0x678 (size before relaxing)
 .stab          0x00004ec0      0x1ec ./Sources/2.ECUAL/EEPROM [MCAL]/Sources/EEPROM.o
                                0x300 (size before relaxing)
 .stab          0x000050ac      0x474 ./Sources/2.ECUAL/DC Motor/Sources/DC_Motor.o
                                0x75c (size before relaxing)
 .stab          0x00005520      0x18c ./Sources/2.ECUAL/Buzzer/Sources/Buzzer.o
                                0x294 (size before relaxing)
 .stab          0x000056ac      0x234 ./Sources/2.ECUAL/Buttons/Sources/Buttons.o
                                0x384 (size before relaxing)
 .stab          0x000058e0      0x330 ./Sources/1.MCAL/UART/Sources/UART.o
                                0x420 (size before relaxing)
 .stab          0x00005c10      0x270 ./Sources/1.MCAL/Timer0/Sources/Timer0.o
                                0x4bc (size before relaxing)
 .stab          0x00005e80      0x4e0 ./Sources/1.MCAL/I2C/Sources/I2C.o
                                0x5f4 (size before relaxing)
 .stab          0x00006360      0x15c ./Sources/1.MCAL/GINT/Sources/GINT.o
                                0x1ec (size before relaxing)
 .stab          0x000064bc      0x318 ./Sources/1.MCAL/EXTINT/Sources/EXTINT.o
                                0x3f0 (size before relaxing)
 .stab          0x000067d4      0x5a0 ./Sources/1.MCAL/DIO/Sources/DIO.o
                                0x78c (size before relaxing)
 .stab          0x00006d74      0x2d0 ./Sources/1.MCAL/ADC/ADC.o
                                0x360 (size before relaxing)

.stabstr        0x00000000     0x2c3a
 *(.stabstr)
 .stabstr       0x00000000     0x2c3a ./Sources/5. Project/Glove_Sender/Sources/glove_sender.o

.stab.excl
 *(.stab.excl)

.stab.exclstr
 *(.stab.exclstr)

.stab.index
 *(.stab.index)

.stab.indexstr
 *(.stab.indexstr)

.comment
 *(.comment)

.debug
 *(.debug)

.line
 *(.line)

.debug_srcinfo
 *(.debug_srcinfo)

.debug_sfnames
 *(.debug_sfnames)

.debug_aranges  0x00000000      0x1a0
 *(.debug_aranges)
 .debug_aranges
                0x00000000       0x20 c:/winavr-20100110/bin/../lib/gcc/avr/4.3.3/avr5\libgcc.a(_fixunssfsi.o)
 .debug_aranges
                0x00000020       0x20 c:/winavr-20100110/bin/../lib/gcc/avr/4.3.3/avr5\libgcc.a(_addsub_sf.o)
 .debug_aranges
                0x00000040       0x20 c:/winavr-20100110/bin/../lib/gcc/avr/4.3.3/avr5\libgcc.a(_mul_sf.o)
 .debug_aranges
                0x00000060       0x20 c:/winavr-20100110/bin/../lib/gcc/avr/4.3.3/avr5\libgcc.a(_div_sf.o)
 .debug_aranges
                0x00000080       0x20 c:/winavr-20100110/bin/../lib/gcc/avr/4.3.3/avr5\libgcc.a(_gt_sf.o)
 .debug_aranges
                0x000000a0       0x20 c:/winavr-20100110/bin/../lib/gcc/avr/4.3.3/avr5\libgcc.a(_ge_sf.o)
 .debug_aranges
                0x000000c0       0x20 c:/winavr-20100110/bin/../lib/gcc/avr/4.3.3/avr5\libgcc.a(_lt_sf.o)
 .debug_aranges
                0x000000e0       0x20 c:/winavr-20100110/bin/../lib/gcc/avr/4.3.3/avr5\libgcc.a(_sf_to_si.o)
 .debug_aranges
                0x00000100       0x20 c:/winavr-20100110/bin/../lib/gcc/avr/4.3.3/avr5\libgcc.a(_usi_to_sf.o)
 .debug_aranges
                0x00000120       0x20 c:/winavr-20100110/bin/../lib/gcc/avr/4.3.3/avr5\libgcc.a(_clzsi2.o)
 .debug_aranges
                0x00000140       0x20 c:/winavr-20100110/bin/../lib/gcc/avr/4.3.3/avr5\libgcc.a(_pack_sf.o)
 .debug_aranges
                0x00000160       0x20 c:/winavr-20100110/bin/../lib/gcc/avr/4.3.3/avr5\libgcc.a(_unpack_sf.o)
 .debug_aranges
                0x00000180       0x20 c:/winavr-20100110/bin/../lib/gcc/avr/4.3.3/avr5\libgcc.a(_fpcmp_parts_sf.o)

.debug_pubnames
                0x00000000      0x1f2
 *(.debug_pubnames)
 .debug_pubnames
                0x00000000       0x23 c:/winavr-20100110/bin/../lib/gcc/avr/4.3.3/avr5\libgcc.a(_fixunssfsi.o)
 .debug_pubnames
                0x00000023       0x2c c:/winavr-20100110/bin/../lib/gcc/avr/4.3.3/avr5\libgcc.a(_addsub_sf.o)
 .debug_pubnames
                0x0000004f       0x1f c:/winavr-20100110/bin/../lib/gcc/avr/4.3.3/avr5\libgcc.a(_mul_sf.o)
 .debug_pubnames
                0x0000006e       0x1f c:/winavr-20100110/bin/../lib/gcc/avr/4.3.3/avr5\libgcc.a(_div_sf.o)
 .debug_pubnames
                0x0000008d       0x1e c:/winavr-20100110/bin/../lib/gcc/avr/4.3.3/avr5\libgcc.a(_gt_sf.o)
 .debug_pubnames
                0x000000ab       0x1e c:/winavr-20100110/bin/../lib/gcc/avr/4.3.3/avr5\libgcc.a(_ge_sf.o)
 .debug_pubnames
                0x000000c9       0x1e c:/winavr-20100110/bin/../lib/gcc/avr/4.3.3/avr5\libgcc.a(_lt_sf.o)
 .debug_pubnames
                0x000000e7       0x20 c:/winavr-20100110/bin/../lib/gcc/avr/4.3.3/avr5\libgcc.a(_sf_to_si.o)
 .debug_pubnames
                0x00000107       0x22 c:/winavr-20100110/bin/../lib/gcc/avr/4.3.3/avr5\libgcc.a(_thenan_sf.o)
 .debug_pubnames
                0x00000129       0x24 c:/winavr-20100110/bin/../lib/gcc/avr/4.3.3/avr5\libgcc.a(_usi_to_sf.o)
 .debug_pubnames
                0x0000014d       0x1f c:/winavr-20100110/bin/../lib/gcc/avr/4.3.3/avr5\libgcc.a(_clzsi2.o)
 .debug_pubnames
                0x0000016c       0x1f c:/winavr-20100110/bin/../lib/gcc/avr/4.3.3/avr5\libgcc.a(_pack_sf.o)
 .debug_pubnames
                0x0000018b       0x21 c:/winavr-20100110/bin/../lib/gcc/avr/4.3.3/avr5\libgcc.a(_unpack_sf.o)
 .debug_pubnames
                0x000001ac       0x26 c:/winavr-20100110/bin/../lib/gcc/avr/4.3.3/avr5\libgcc.a(_fpcmp_parts_sf.o)
 .debug_pubnames
                0x000001d2       0x20 c:/winavr-20100110/bin/../lib/gcc/avr/4.3.3/avr5\libgcc.a(_clz.o)

.debug_info     0x00000000     0x240b
 *(.debug_info)
 .debug_info    0x00000000       0xb1 c:/winavr-20100110/bin/../lib/gcc/avr/4.3.3/avr5\libgcc.a(_fixunssfsi.o)
 .debug_info    0x000000b1      0x47a c:/winavr-20100110/bin/../lib/gcc/avr/4.3.3/avr5\libgcc.a(_addsub_sf.o)
 .debug_info    0x0000052b      0x485 c:/winavr-20100110/bin/../lib/gcc/avr/4.3.3/avr5\libgcc.a(_mul_sf.o)
 .debug_info    0x000009b0      0x3fc c:/winavr-20100110/bin/../lib/gcc/avr/4.3.3/avr5\libgcc.a(_div_sf.o)
 .debug_info    0x00000dac      0x27f c:/winavr-20100110/bin/../lib/gcc/avr/4.3.3/avr5\libgcc.a(_gt_sf.o)
 .debug_info    0x0000102b      0x27f c:/winavr-20100110/bin/../lib/gcc/avr/4.3.3/avr5\libgcc.a(_ge_sf.o)
 .debug_info    0x000012aa      0x27f c:/winavr-20100110/bin/../lib/gcc/avr/4.3.3/avr5\libgcc.a(_lt_sf.o)
 .debug_info    0x00001529      0x2b0 c:/winavr-20100110/bin/../lib/gcc/avr/4.3.3/avr5\libgcc.a(_sf_to_si.o)
 .debug_info    0x000017d9      0x12c c:/winavr-20100110/bin/../lib/gcc/avr/4.3.3/avr5\libgcc.a(_thenan_sf.o)
 .debug_info    0x00001905      0x206 c:/winavr-20100110/bin/../lib/gcc/avr/4.3.3/avr5\libgcc.a(_usi_to_sf.o)
 .debug_info    0x00001b0b      0x117 c:/winavr-20100110/bin/../lib/gcc/avr/4.3.3/avr5\libgcc.a(_clzsi2.o)
 .debug_info    0x00001c22      0x2df c:/winavr-20100110/bin/../lib/gcc/avr/4.3.3/avr5\libgcc.a(_pack_sf.o)
 .debug_info    0x00001f01      0x251 c:/winavr-20100110/bin/../lib/gcc/avr/4.3.3/avr5\libgcc.a(_unpack_sf.o)
 .debug_info    0x00002152      0x210 c:/winavr-20100110/bin/../lib/gcc/avr/4.3.3/avr5\libgcc.a(_fpcmp_parts_sf.o)
 .debug_info    0x00002362       0xa9 c:/winavr-20100110/bin/../lib/gcc/avr/4.3.3/avr5\libgcc.a(_clz.o)
 *(.gnu.linkonce.wi.*)

.debug_abbrev   0x00000000     0x1386
 *(.debug_abbrev)
 .debug_abbrev  0x00000000       0x5d c:/winavr-20100110/bin/../lib/gcc/avr/4.3.3/avr5\libgcc.a(_fixunssfsi.o)
 .debug_abbrev  0x0000005d      0x1ea c:/winavr-20100110/bin/../lib/gcc/avr/4.3.3/avr5\libgcc.a(_addsub_sf.o)
 .debug_abbrev  0x00000247      0x21b c:/winavr-20100110/bin/../lib/gcc/avr/4.3.3/avr5\libgcc.a(_mul_sf.o)
 .debug_abbrev  0x00000462      0x216 c:/winavr-20100110/bin/../lib/gcc/avr/4.3.3/avr5\libgcc.a(_div_sf.o)
 .debug_abbrev  0x00000678      0x15a c:/winavr-20100110/bin/../lib/gcc/avr/4.3.3/avr5\libgcc.a(_gt_sf.o)
 .debug_abbrev  0x000007d2      0x15a c:/winavr-20100110/bin/../lib/gcc/avr/4.3.3/avr5\libgcc.a(_ge_sf.o)
 .debug_abbrev  0x0000092c      0x15a c:/winavr-20100110/bin/../lib/gcc/avr/4.3.3/avr5\libgcc.a(_lt_sf.o)
 .debug_abbrev  0x00000a86      0x17f c:/winavr-20100110/bin/../lib/gcc/avr/4.3.3/avr5\libgcc.a(_sf_to_si.o)
 .debug_abbrev  0x00000c05       0xad c:/winavr-20100110/bin/../lib/gcc/avr/4.3.3/avr5\libgcc.a(_thenan_sf.o)
 .debug_abbrev  0x00000cb2      0x157 c:/winavr-20100110/bin/../lib/gcc/avr/4.3.3/avr5\libgcc.a(_usi_to_sf.o)
 .debug_abbrev  0x00000e09       0xc4 c:/winavr-20100110/bin/../lib/gcc/avr/4.3.3/avr5\libgcc.a(_clzsi2.o)
 .debug_abbrev  0x00000ecd      0x1c0 c:/winavr-20100110/bin/../lib/gcc/avr/4.3.3/avr5\libgcc.a(_pack_sf.o)
 .debug_abbrev  0x0000108d      0x154 c:/winavr-20100110/bin/../lib/gcc/avr/4.3.3/avr5\libgcc.a(_unpack_sf.o)
 .debug_abbrev  0x000011e1      0x13b c:/winavr-20100110/bin/../lib/gcc/avr/4.3.3/avr5\libgcc.a(_fpcmp_parts_sf.o)
 .debug_abbrev  0x0000131c       0x6a c:/winavr-20100110/bin/../lib/gcc/avr/4.3.3/avr5\libgcc.a(_clz.o)

.debug_line     0x00000000     0x11d6
 *(.debug_line)
 .debug_line    0x00000000       0xa7 c:/winavr-20100110/bin/../lib/gcc/avr/4.3.3/avr5\libgcc.a(_fixunssfsi.o)
 .debug_line    0x000000a7      0x2af c:/winavr-20100110/bin/../lib/gcc/avr/4.3.3/avr5\libgcc.a(_addsub_sf.o)
 .debug_line    0x00000356      0x239 c:/winavr-20100110/bin/../lib/gcc/avr/4.3.3/avr5\libgcc.a(_mul_sf.o)
 .debug_line    0x0000058f      0x1d5 c:/winavr-20100110/bin/../lib/gcc/avr/4.3.3/avr5\libgcc.a(_div_sf.o)
 .debug_line    0x00000764       0xd3 c:/winavr-20100110/bin/../lib/gcc/avr/4.3.3/avr5\libgcc.a(_gt_sf.o)
 .debug_line    0x00000837       0xd3 c:/winavr-20100110/bin/../lib/gcc/avr/4.3.3/avr5\libgcc.a(_ge_sf.o)
 .debug_line    0x0000090a       0xd3 c:/winavr-20100110/bin/../lib/gcc/avr/4.3.3/avr5\libgcc.a(_lt_sf.o)
 .debug_line    0x000009dd      0x109 c:/winavr-20100110/bin/../lib/gcc/avr/4.3.3/avr5\libgcc.a(_sf_to_si.o)
 .debug_line    0x00000ae6       0x90 c:/winavr-20100110/bin/../lib/gcc/avr/4.3.3/avr5\libgcc.a(_thenan_sf.o)
 .debug_line    0x00000b76      0x133 c:/winavr-20100110/bin/../lib/gcc/avr/4.3.3/avr5\libgcc.a(_usi_to_sf.o)
 .debug_line    0x00000ca9       0xa5 c:/winavr-20100110/bin/../lib/gcc/avr/4.3.3/avr5\libgcc.a(_clzsi2.o)
 .debug_line    0x00000d4e      0x18a c:/winavr-20100110/bin/../lib/gcc/avr/4.3.3/avr5\libgcc.a(_pack_sf.o)
 .debug_line    0x00000ed8      0x14b c:/winavr-20100110/bin/../lib/gcc/avr/4.3.3/avr5\libgcc.a(_unpack_sf.o)
 .debug_line    0x00001023      0x137 c:/winavr-20100110/bin/../lib/gcc/avr/4.3.3/avr5\libgcc.a(_fpcmp_parts_sf.o)
 .debug_line    0x0000115a       0x7c c:/winavr-20100110/bin/../lib/gcc/avr/4.3.3/avr5\libgcc.a(_clz.o)

.debug_frame    0x00000000      0x1c0
 *(.debug_frame)
 .debug_frame   0x00000000       0x20 c:/winavr-20100110/bin/../lib/gcc/avr/4.3.3/avr5\libgcc.a(_fixunssfsi.o)
 .debug_frame   0x00000020       0x40 c:/winavr-20100110/bin/../lib/gcc/avr/4.3.3/avr5\libgcc.a(_addsub_sf.o)
 .debug_frame   0x00000060       0x20 c:/winavr-20100110/bin/../lib/gcc/avr/4.3.3/avr5\libgcc.a(_mul_sf.o)
 .debug_frame   0x00000080       0x20 c:/winavr-20100110/bin/../lib/gcc/avr/4.3.3/avr5\libgcc.a(_div_sf.o)
 .debug_frame   0x000000a0       0x20 c:/winavr-20100110/bin/../lib/gcc/avr/4.3.3/avr5\libgcc.a(_gt_sf.o)
 .debug_frame   0x000000c0       0x20 c:/winavr-20100110/bin/../lib/gcc/avr/4.3.3/avr5\libgcc.a(_ge_sf.o)
 .debug_frame   0x000000e0       0x20 c:/winavr-20100110/bin/../lib/gcc/avr/4.3.3/avr5\libgcc.a(_lt_sf.o)
 .debug_frame   0x00000100       0x20 c:/winavr-20100110/bin/../lib/gcc/avr/4.3.3/avr5\libgcc.a(_sf_to_si.o)
 .debug_frame   0x00000120       0x20 c:/winavr-20100110/bin/../lib/gcc/avr/4.3.3/avr5\libgcc.a(_usi_to_sf.o)
 .debug_frame   0x00000140       0x20 c:/winavr-20100110/bin/../lib/gcc/avr/4.3.3/avr5\libgcc.a(_clzsi2.o)
 .debug_frame   0x00000160       0x20 c:/winavr-20100110/bin/../lib/gcc/avr/4.3.3/avr5\libgcc.a(_pack_sf.o)
 .debug_frame   0x00000180       0x20 c:/winavr-20100110/bin/../lib/gcc/avr/4.3.3/avr5\libgcc.a(_unpack_sf.o)
 .debug_frame   0x000001a0       0x20 c:/winavr-20100110/bin/../lib/gcc/avr/4.3.3/avr5\libgcc.a(_fpcmp_parts_sf.o)

.debug_str      0x00000000      0x2f6
 *(.debug_str)
 .debug_str     0x00000000       0xbf c:/winavr-20100110/bin/../lib/gcc/avr/4.3.3/avr5\libgcc.a(_fixunssfsi.o)
                                 0xfe (size before relaxing)
 .debug_str     0x000000bf      0x14d c:/winavr-20100110/bin/../lib/gcc/avr/4.3.3/avr5\libgcc.a(_addsub_sf.o)
                                0x206 (size before relaxing)
 .debug_str     0x0000020c       0x27 c:/winavr-20100110/bin/../lib/gcc/avr/4.3.3/avr5\libgcc.a(_mul_sf.o)
                                0x1bf (size before relaxing)
 .debug_str     0x00000233       0x35 c:/winavr-20100110/bin/../lib/gcc/avr/4.3.3/avr5\libgcc.a(_div_sf.o)
                                0x1c8 (size before relaxing)
 .debug_str     0x00000268        0x8 c:/winavr-20100110/bin/../lib/gcc/avr/4.3.3/avr5\libgcc.a(_gt_sf.o)
                                0x195 (size before relaxing)
 .debug_str     0x00000270        0x8 c:/winavr-20100110/bin/../lib/gcc/avr/4.3.3/avr5\libgcc.a(_ge_sf.o)
                                0x195 (size before relaxing)
 .debug_str     0x00000278        0x8 c:/winavr-20100110/bin/../lib/gcc/avr/4.3.3/avr5\libgcc.a(_lt_sf.o)
                                0x195 (size before relaxing)
 .debug_str     0x00000280        0xa c:/winavr-20100110/bin/../lib/gcc/avr/4.3.3/avr5\libgcc.a(_sf_to_si.o)
                                0x19e (size before relaxing)
 .debug_str     0x00000000      0x103 c:/winavr-20100110/bin/../lib/gcc/avr/4.3.3/avr5\libgcc.a(_thenan_sf.o)
 .debug_str     0x0000028a       0x21 c:/winavr-20100110/bin/../lib/gcc/avr/4.3.3/avr5\libgcc.a(_usi_to_sf.o)
                                0x177 (size before relaxing)
 .debug_str     0x000002ab       0x20 c:/winavr-20100110/bin/../lib/gcc/avr/4.3.3/avr5\libgcc.a(_clzsi2.o)
                                0x111 (size before relaxing)
 .debug_str     0x000002cb       0x10 c:/winavr-20100110/bin/../lib/gcc/avr/4.3.3/avr5\libgcc.a(_pack_sf.o)
                                0x19d (size before relaxing)
 .debug_str     0x000002db        0xb c:/winavr-20100110/bin/../lib/gcc/avr/4.3.3/avr5\libgcc.a(_unpack_sf.o)
                                0x17f (size before relaxing)
 .debug_str     0x000002e6       0x10 c:/winavr-20100110/bin/../lib/gcc/avr/4.3.3/avr5\libgcc.a(_fpcmp_parts_sf.o)
                                0x163 (size before relaxing)
 .debug_str     0x00000000       0xf4 c:/winavr-20100110/bin/../lib/gcc/avr/4.3.3/avr5\libgcc.a(_clz.o)

.debug_loc      0x00000000      0x96e
 *(.debug_loc)
 .debug_loc     0x00000000       0x34 c:/winavr-20100110/bin/../lib/gcc/avr/4.3.3/avr5\libgcc.a(_fixunssfsi.o)
 .debug_loc     0x00000034      0x32a c:/winavr-20100110/bin/../lib/gcc/avr/4.3.3/avr5\libgcc.a(_addsub_sf.o)
 .debug_loc     0x0000035e      0x104 c:/winavr-20100110/bin/../lib/gcc/avr/4.3.3/avr5\libgcc.a(_mul_sf.o)
 .debug_loc     0x00000462       0xc0 c:/winavr-20100110/bin/../lib/gcc/avr/4.3.3/avr5\libgcc.a(_div_sf.o)
 .debug_loc     0x00000522       0x3c c:/winavr-20100110/bin/../lib/gcc/avr/4.3.3/avr5\libgcc.a(_gt_sf.o)
 .debug_loc     0x0000055e       0x3c c:/winavr-20100110/bin/../lib/gcc/avr/4.3.3/avr5\libgcc.a(_ge_sf.o)
 .debug_loc     0x0000059a       0x3c c:/winavr-20100110/bin/../lib/gcc/avr/4.3.3/avr5\libgcc.a(_lt_sf.o)
 .debug_loc     0x000005d6       0x7e c:/winavr-20100110/bin/../lib/gcc/avr/4.3.3/avr5\libgcc.a(_sf_to_si.o)
 .debug_loc     0x00000654       0x4c c:/winavr-20100110/bin/../lib/gcc/avr/4.3.3/avr5\libgcc.a(_usi_to_sf.o)
 .debug_loc     0x000006a0       0x94 c:/winavr-20100110/bin/../lib/gcc/avr/4.3.3/avr5\libgcc.a(_clzsi2.o)
 .debug_loc     0x00000734      0x13e c:/winavr-20100110/bin/../lib/gcc/avr/4.3.3/avr5\libgcc.a(_pack_sf.o)
 .debug_loc     0x00000872       0xac c:/winavr-20100110/bin/../lib/gcc/avr/4.3.3/avr5\libgcc.a(_unpack_sf.o)
 .debug_loc     0x0000091e       0x50 c:/winavr-20100110/bin/../lib/gcc/avr/4.3.3/avr5\libgcc.a(_fpcmp_parts_sf.o)

.debug_macinfo
 *(.debug_macinfo)
OUTPUT(R.E.M1.elf elf32-avr)
LOAD linker stubs

.debug_ranges   0x00000000       0x50
 .debug_ranges  0x00000000       0x50 c:/winavr-20100110/bin/../lib/gcc/avr/4.3.3/avr5\libgcc.a(_mul_sf.o)
